This is pdfTeX, Version 3.141592653-2.6-1.40.27 (TeX Live 2025/nixos.org) (preloaded format=pdflatex 1980.1.1)  2 MAR 2026 08:26
entering extended mode
 restricted \write18 enabled.
 %&-line parsing enabled.
**paper/perspective_limit_cycles.tex
(./paper/perspective_limit_cycles.tex
LaTeX2e <2025-06-01> patch level 1
L3 programming layer <2025-06-09>

(/nix/store/a2cksrf2p8fm17apx44ghvg6ar3a09ya-texlive-combined-2025-texmfdist/te
x/latex/base/article.cls
Document Class: article 2025/01/22 v1.4n Standard LaTeX document class

(/nix/store/a2cksrf2p8fm17apx44ghvg6ar3a09ya-texlive-combined-2025-texmfdist/te
x/latex/base/size12.clo
File: size12.clo 2025/01/22 v1.4n Standard LaTeX file (size option)
)
\c@part=\count275
\c@section=\count276
\c@subsection=\count277
\c@subsubsection=\count278
\c@paragraph=\count279
\c@subparagraph=\count280
\c@figure=\count281
\c@table=\count282
\abovecaptionskip=\skip49
\belowcaptionskip=\skip50
\bibindent=\dimen148
)
(/nix/store/a2cksrf2p8fm17apx44ghvg6ar3a09ya-texlive-combined-2025-texmfdist/te
x/latex/geometry/geometry.sty
Package: geometry 2020/01/02 v5.9 Page Geometry

(/nix/store/a2cksrf2p8fm17apx44ghvg6ar3a09ya-texlive-combined-2025-texmfdist/te
x/latex/graphics/keyval.sty
Package: keyval 2022/05/29 v1.15 key=value parser (DPC)
\KV@toks@=\toks17
)
(/nix/store/a2cksrf2p8fm17apx44ghvg6ar3a09ya-texlive-combined-2025-texmfdist/te
x/generic/iftex/ifvtex.sty
Package: ifvtex 2019/10/25 v1.7 ifvtex legacy package. Use iftex instead.

(/nix/store/a2cksrf2p8fm17apx44ghvg6ar3a09ya-texlive-combined-2025-texmfdist/te
x/generic/iftex/iftex.sty
Package: iftex 2024/12/12 v1.0g TeX engine tests
))
\Gm@cnth=\count283
\Gm@cntv=\count284
\c@Gm@tempcnt=\count285
\Gm@bindingoffset=\dimen149
\Gm@wd@mp=\dimen150
\Gm@odd@mp=\dimen151
\Gm@even@mp=\dimen152
\Gm@layoutwidth=\dimen153
\Gm@layoutheight=\dimen154
\Gm@layouthoffset=\dimen155
\Gm@layoutvoffset=\dimen156
\Gm@dimlist=\toks18
)
(/nix/store/a2cksrf2p8fm17apx44ghvg6ar3a09ya-texlive-combined-2025-texmfdist/te
x/latex/amsmath/amsmath.sty
Package: amsmath 2025/06/16 v2.17y AMS math features
\@mathmargin=\skip51

For additional information on amsmath, use the `?' option.

(/nix/store/a2cksrf2p8fm17apx44ghvg6ar3a09ya-texlive-combined-2025-texmfdist/te
x/latex/amsmath/amstext.sty
Package: amstext 2024/11/17 v2.01 AMS text

(/nix/store/a2cksrf2p8fm17apx44ghvg6ar3a09ya-texlive-combined-2025-texmfdist/te
x/latex/amsmath/amsgen.sty
File: amsgen.sty 1999/11/30 v2.0 generic functions
\@emptytoks=\toks19
\ex@=\dimen157
))
(/nix/store/a2cksrf2p8fm17apx44ghvg6ar3a09ya-texlive-combined-2025-texmfdist/te
x/latex/amsmath/amsbsy.sty
Package: amsbsy 1999/11/29 v1.2d Bold Symbols
\pmbraise@=\dimen158
)
(/nix/store/a2cksrf2p8fm17apx44ghvg6ar3a09ya-texlive-combined-2025-texmfdist/te
x/latex/amsmath/amsopn.sty
Package: amsopn 2022/04/08 v2.04 operator names
)
\inf@bad=\count286
LaTeX Info: Redefining \frac on input line 233.
\uproot@=\count287
\leftroot@=\count288
LaTeX Info: Redefining \overline on input line 398.
LaTeX Info: Redefining \colon on input line 409.
\classnum@=\count289
\DOTSCASE@=\count290
LaTeX Info: Redefining \ldots on input line 495.
LaTeX Info: Redefining \dots on input line 498.
LaTeX Info: Redefining \cdots on input line 619.
\Mathstrutbox@=\box53
\strutbox@=\box54
LaTeX Info: Redefining \big on input line 721.
LaTeX Info: Redefining \Big on input line 722.
LaTeX Info: Redefining \bigg on input line 723.
LaTeX Info: Redefining \Bigg on input line 724.
\big@size=\dimen159
LaTeX Font Info:    Redeclaring font encoding OML on input line 742.
LaTeX Font Info:    Redeclaring font encoding OMS on input line 743.
\macc@depth=\count291
LaTeX Info: Redefining \bmod on input line 904.
LaTeX Info: Redefining \pmod on input line 909.
LaTeX Info: Redefining \smash on input line 939.
LaTeX Info: Redefining \relbar on input line 969.
LaTeX Info: Redefining \Relbar on input line 970.
\c@MaxMatrixCols=\count292
\dotsspace@=\muskip17
\c@parentequation=\count293
\dspbrk@lvl=\count294
\tag@help=\toks20
\row@=\count295
\column@=\count296
\maxfields@=\count297
\andhelp@=\toks21
\eqnshift@=\dimen160
\alignsep@=\dimen161
\tagshift@=\dimen162
\tagwidth@=\dimen163
\totwidth@=\dimen164
\lineht@=\dimen165
\@envbody=\toks22
\multlinegap=\skip52
\multlinetaggap=\skip53
\mathdisplay@stack=\toks23
LaTeX Info: Redefining \[ on input line 2949.
LaTeX Info: Redefining \] on input line 2950.
)
(/nix/store/a2cksrf2p8fm17apx44ghvg6ar3a09ya-texlive-combined-2025-texmfdist/te
x/latex/amsfonts/amssymb.sty
Package: amssymb 2013/01/14 v3.01 AMS font symbols

(/nix/store/a2cksrf2p8fm17apx44ghvg6ar3a09ya-texlive-combined-2025-texmfdist/te
x/latex/amsfonts/amsfonts.sty
Package: amsfonts 2013/01/14 v3.01 Basic AMSFonts support
\symAMSa=\mathgroup4
\symAMSb=\mathgroup5
LaTeX Font Info:    Redeclaring math symbol \hbar on input line 98.
LaTeX Font Info:    Overwriting math alphabet `\mathfrak' in version `bold'
(Font)                  U/euf/m/n --> U/euf/b/n on input line 106.
))
(/nix/store/a2cksrf2p8fm17apx44ghvg6ar3a09ya-texlive-combined-2025-texmfdist/te
x/latex/amscls/amsthm.sty
Package: amsthm 2020/05/29 v2.20.6
\thm@style=\toks24
\thm@bodyfont=\toks25
\thm@headfont=\toks26
\thm@notefont=\toks27
\thm@headpunct=\toks28
\thm@preskip=\skip54
\thm@postskip=\skip55
\thm@headsep=\skip56
\dth@everypar=\toks29
)
(/nix/store/a2cksrf2p8fm17apx44ghvg6ar3a09ya-texlive-combined-2025-texmfdist/te
x/latex/mathtools/mathtools.sty
Package: mathtools 2024/10/04 v1.31 mathematical typesetting tools

(/nix/store/a2cksrf2p8fm17apx44ghvg6ar3a09ya-texlive-combined-2025-texmfdist/te
x/latex/tools/calc.sty
Package: calc 2025/03/01 v4.3b Infix arithmetic (KKT,FJ)
\calc@Acount=\count298
\calc@Bcount=\count299
\calc@Adimen=\dimen166
\calc@Bdimen=\dimen167
\calc@Askip=\skip57
\calc@Bskip=\skip58
LaTeX Info: Redefining \setlength on input line 86.
LaTeX Info: Redefining \addtolength on input line 87.
\calc@Ccount=\count300
\calc@Cskip=\skip59
)
(/nix/store/a2cksrf2p8fm17apx44ghvg6ar3a09ya-texlive-combined-2025-texmfdist/te
x/latex/mathtools/mhsetup.sty
Package: mhsetup 2021/03/18 v1.4 programming setup (MH)
)
\g_MT_multlinerow_int=\count301
\l_MT_multwidth_dim=\dimen168
\origjot=\skip60
\l_MT_shortvdotswithinadjustabove_dim=\dimen169
\l_MT_shortvdotswithinadjustbelow_dim=\dimen170
\l_MT_above_intertext_sep=\dimen171
\l_MT_below_intertext_sep=\dimen172
\l_MT_above_shortintertext_sep=\dimen173
\l_MT_below_shortintertext_sep=\dimen174
\xmathstrut@box=\box55
\xmathstrut@dim=\dimen175
)
(/nix/store/a2cksrf2p8fm17apx44ghvg6ar3a09ya-texlive-combined-2025-texmfdist/te
x/latex/tools/bm.sty
Package: bm 2023/12/19 v1.2f Bold Symbol Support (DPC/FMi)
\symboldoperators=\mathgroup6
\symboldletters=\mathgroup7
\symboldsymbols=\mathgroup8
Package bm Info: No bold for \OMX/cmex/m/n, using \pmb.
Package bm Info: No bold for \U/msa/m/n, using \pmb.
Package bm Info: No bold for \U/msb/m/n, using \pmb.
LaTeX Font Info:    Redeclaring math alphabet \mathbf on input line 149.
)
(/nix/store/a2cksrf2p8fm17apx44ghvg6ar3a09ya-texlive-combined-2025-texmfdist/te
x/latex/graphics/graphicx.sty
Package: graphicx 2024/12/31 v1.2e Enhanced LaTeX Graphics (DPC,SPQR)

(/nix/store/a2cksrf2p8fm17apx44ghvg6ar3a09ya-texlive-combined-2025-texmfdist/te
x/latex/graphics/graphics.sty
Package: graphics 2024/08/06 v1.4g Standard LaTeX Graphics (DPC,SPQR)

(/nix/store/a2cksrf2p8fm17apx44ghvg6ar3a09ya-texlive-combined-2025-texmfdist/te
x/latex/graphics/trig.sty
Package: trig 2023/12/02 v1.11 sin cos tan (DPC)
)
(/nix/store/a2cksrf2p8fm17apx44ghvg6ar3a09ya-texlive-combined-2025-texmfdist/te
x/latex/graphics-cfg/graphics.cfg
File: graphics.cfg 2016/06/04 v1.11 sample graphics configuration
)
Package graphics Info: Driver file: pdftex.def on input line 106.

(/nix/store/a2cksrf2p8fm17apx44ghvg6ar3a09ya-texlive-combined-2025-texmfdist/te
x/latex/graphics-def/pdftex.def
File: pdftex.def 2024/04/13 v1.2c Graphics/color driver for pdftex
))
\Gin@req@height=\dimen176
\Gin@req@width=\dimen177
)
(/nix/store/a2cksrf2p8fm17apx44ghvg6ar3a09ya-texlive-combined-2025-texmfdist/te
x/latex/xcolor/xcolor.sty
Package: xcolor 2024/09/29 v3.02 LaTeX color extensions (UK)

(/nix/store/a2cksrf2p8fm17apx44ghvg6ar3a09ya-texlive-combined-2025-texmfdist/te
x/latex/graphics-cfg/color.cfg
File: color.cfg 2016/01/02 v1.6 sample color configuration
)
Package xcolor Info: Driver file: pdftex.def on input line 274.

(/nix/store/a2cksrf2p8fm17apx44ghvg6ar3a09ya-texlive-combined-2025-texmfdist/te
x/latex/graphics/mathcolor.ltx)
Package xcolor Info: Model `cmy' substituted by `cmy0' on input line 1349.
Package xcolor Info: Model `hsb' substituted by `rgb' on input line 1353.
Package xcolor Info: Model `RGB' extended on input line 1365.
Package xcolor Info: Model `HTML' substituted by `rgb' on input line 1367.
Package xcolor Info: Model `Hsb' substituted by `hsb' on input line 1368.
Package xcolor Info: Model `tHsb' substituted by `hsb' on input line 1369.
Package xcolor Info: Model `HSB' substituted by `hsb' on input line 1370.
Package xcolor Info: Model `Gray' substituted by `gray' on input line 1371.
Package xcolor Info: Model `wave' substituted by `hsb' on input line 1372.
)
(/nix/store/a2cksrf2p8fm17apx44ghvg6ar3a09ya-texlive-combined-2025-texmfdist/te
x/latex/graphics/dvipsnam.def
File: dvipsnam.def 2016/06/17 v3.0m Driver-dependent file (DPC,SPQR)
)
(/nix/store/a2cksrf2p8fm17apx44ghvg6ar3a09ya-texlive-combined-2025-texmfdist/te
x/latex/hyperref/hyperref.sty
Package: hyperref 2025-06-21 v7.01n Hypertext links for LaTeX

(/nix/store/a2cksrf2p8fm17apx44ghvg6ar3a09ya-texlive-combined-2025-texmfdist/te
x/latex/kvsetkeys/kvsetkeys.sty
Package: kvsetkeys 2022-10-05 v1.19 Key value parser (HO)
)
(/nix/store/a2cksrf2p8fm17apx44ghvg6ar3a09ya-texlive-combined-2025-texmfdist/te
x/generic/kvdefinekeys/kvdefinekeys.sty
Package: kvdefinekeys 2019-12-19 v1.6 Define keys (HO)
)
(/nix/store/a2cksrf2p8fm17apx44ghvg6ar3a09ya-texlive-combined-2025-texmfdist/te
x/generic/pdfescape/pdfescape.sty
Package: pdfescape 2019/12/09 v1.15 Implements pdfTeX's escape features (HO)

(/nix/store/a2cksrf2p8fm17apx44ghvg6ar3a09ya-texlive-combined-2025-texmfdist/te
x/generic/ltxcmds/ltxcmds.sty
Package: ltxcmds 2023-12-04 v1.26 LaTeX kernel commands for general use (HO)
)
(/nix/store/a2cksrf2p8fm17apx44ghvg6ar3a09ya-texlive-combined-2025-texmfdist/te
x/generic/pdftexcmds/pdftexcmds.sty
Package: pdftexcmds 2020-06-27 v0.33 Utility functions of pdfTeX for LuaTeX (HO
)

(/nix/store/a2cksrf2p8fm17apx44ghvg6ar3a09ya-texlive-combined-2025-texmfdist/te
x/generic/infwarerr/infwarerr.sty
Package: infwarerr 2019/12/03 v1.5 Providing info/warning/error messages (HO)
)
Package pdftexcmds Info: \pdf@primitive is available.
Package pdftexcmds Info: \pdf@ifprimitive is available.
Package pdftexcmds Info: \pdfdraftmode found.
))
(/nix/store/a2cksrf2p8fm17apx44ghvg6ar3a09ya-texlive-combined-2025-texmfdist/te
x/latex/hycolor/hycolor.sty
Package: hycolor 2020-01-27 v1.10 Color options for hyperref/bookmark (HO)
)
(/nix/store/a2cksrf2p8fm17apx44ghvg6ar3a09ya-texlive-combined-2025-texmfdist/te
x/latex/hyperref/nameref.sty
Package: nameref 2025-06-21 v2.57 Cross-referencing by name of section

(/nix/store/a2cksrf2p8fm17apx44ghvg6ar3a09ya-texlive-combined-2025-texmfdist/te
x/latex/refcount/refcount.sty
Package: refcount 2019/12/15 v3.6 Data extraction from label references (HO)
)
(/nix/store/a2cksrf2p8fm17apx44ghvg6ar3a09ya-texlive-combined-2025-texmfdist/te
x/generic/gettitlestring/gettitlestring.sty
Package: gettitlestring 2019/12/15 v1.6 Cleanup title references (HO)

(/nix/store/a2cksrf2p8fm17apx44ghvg6ar3a09ya-texlive-combined-2025-texmfdist/te
x/latex/kvoptions/kvoptions.sty
Package: kvoptions 2022-06-15 v3.15 Key value format for package options (HO)
))
\c@section@level=\count302
)
(/nix/store/a2cksrf2p8fm17apx44ghvg6ar3a09ya-texlive-combined-2025-texmfdist/te
x/latex/etoolbox/etoolbox.sty
Package: etoolbox 2025/02/11 v2.5l e-TeX tools for LaTeX (JAW)
\etb@tempcnta=\count303
)
(/nix/store/a2cksrf2p8fm17apx44ghvg6ar3a09ya-texlive-combined-2025-texmfdist/te
x/generic/stringenc/stringenc.sty
Package: stringenc 2019/11/29 v1.12 Convert strings between diff. encodings (HO
)
)
\@linkdim=\dimen178
\Hy@linkcounter=\count304
\Hy@pagecounter=\count305

(/nix/store/a2cksrf2p8fm17apx44ghvg6ar3a09ya-texlive-combined-2025-texmfdist/te
x/latex/hyperref/pd1enc.def
File: pd1enc.def 2025-06-21 v7.01n Hyperref: PDFDocEncoding definition (HO)
Now handling font encoding PD1 ...
... no UTF-8 mapping file for font encoding PD1
)
(/nix/store/a2cksrf2p8fm17apx44ghvg6ar3a09ya-texlive-combined-2025-texmfdist/te
x/generic/intcalc/intcalc.sty
Package: intcalc 2019/12/15 v1.3 Expandable calculations with integers (HO)
)
\Hy@SavedSpaceFactor=\count306

(/nix/store/a2cksrf2p8fm17apx44ghvg6ar3a09ya-texlive-combined-2025-texmfdist/te
x/latex/hyperref/puenc.def
File: puenc.def 2025-06-21 v7.01n Hyperref: PDF Unicode definition (HO)
Now handling font encoding PU ...
... no UTF-8 mapping file for font encoding PU
)
Package hyperref Info: Hyper figures OFF on input line 4181.
Package hyperref Info: Link nesting OFF on input line 4186.
Package hyperref Info: Hyper index ON on input line 4189.
Package hyperref Info: Plain pages OFF on input line 4196.
Package hyperref Info: Backreferencing OFF on input line 4201.
Package hyperref Info: Implicit mode ON; LaTeX internals redefined.
Package hyperref Info: Bookmarks ON on input line 4448.
\c@Hy@tempcnt=\count307

(/nix/store/a2cksrf2p8fm17apx44ghvg6ar3a09ya-texlive-combined-2025-texmfdist/te
x/latex/url/url.sty
\Urlmuskip=\muskip18
Package: url 2013/09/16  ver 3.4  Verb mode for urls, etc.
)
LaTeX Info: Redefining \url on input line 4787.
\XeTeXLinkMargin=\dimen179

(/nix/store/a2cksrf2p8fm17apx44ghvg6ar3a09ya-texlive-combined-2025-texmfdist/te
x/generic/bitset/bitset.sty
Package: bitset 2019/12/09 v1.3 Handle bit-vector datatype (HO)

(/nix/store/a2cksrf2p8fm17apx44ghvg6ar3a09ya-texlive-combined-2025-texmfdist/te
x/generic/bigintcalc/bigintcalc.sty
Package: bigintcalc 2019/12/15 v1.5 Expandable calculations on big integers (HO
)
))
\Fld@menulength=\count308
\Field@Width=\dimen180
\Fld@charsize=\dimen181
Package hyperref Info: Hyper figures OFF on input line 6066.
Package hyperref Info: Link nesting OFF on input line 6071.
Package hyperref Info: Hyper index ON on input line 6074.
Package hyperref Info: backreferencing OFF on input line 6081.
Package hyperref Info: Link coloring OFF on input line 6086.
Package hyperref Info: Link coloring with OCG OFF on input line 6091.
Package hyperref Info: PDF/A mode OFF on input line 6096.
\Hy@abspage=\count309
\c@Item=\count310
\c@Hfootnote=\count311
)
Package hyperref Info: Driver (autodetected): hpdftex.

(/nix/store/a2cksrf2p8fm17apx44ghvg6ar3a09ya-texlive-combined-2025-texmfdist/te
x/latex/hyperref/hpdftex.def
File: hpdftex.def 2025-06-21 v7.01n Hyperref driver for pdfTeX
\Fld@listcount=\count312
\c@bookmark@seq@number=\count313

(/nix/store/a2cksrf2p8fm17apx44ghvg6ar3a09ya-texlive-combined-2025-texmfdist/te
x/latex/rerunfilecheck/rerunfilecheck.sty
Package: rerunfilecheck 2025-06-21 v1.11 Rerun checks for auxiliary files (HO)

(/nix/store/a2cksrf2p8fm17apx44ghvg6ar3a09ya-texlive-combined-2025-texmfdist/te
x/generic/uniquecounter/uniquecounter.sty
Package: uniquecounter 2019/12/15 v1.4 Provide unlimited unique counter (HO)
)
Package uniquecounter Info: New unique counter `rerunfilecheck' on input line 2
84.
)
\Hy@SectionHShift=\skip61
)
(/nix/store/a2cksrf2p8fm17apx44ghvg6ar3a09ya-texlive-combined-2025-texmfdist/te
x/latex/cleveref/cleveref.sty
Package: cleveref 2018/03/27 v0.21.4 Intelligent cross-referencing
Package cleveref Info: `hyperref' support loaded on input line 2370.
LaTeX Info: Redefining \cref on input line 2370.
LaTeX Info: Redefining \Cref on input line 2370.
LaTeX Info: Redefining \crefrange on input line 2370.
LaTeX Info: Redefining \Crefrange on input line 2370.
LaTeX Info: Redefining \cpageref on input line 2370.
LaTeX Info: Redefining \Cpageref on input line 2370.
LaTeX Info: Redefining \cpagerefrange on input line 2370.
LaTeX Info: Redefining \Cpagerefrange on input line 2370.
LaTeX Info: Redefining \labelcref on input line 2370.
LaTeX Info: Redefining \labelcpageref on input line 2370.
Package cleveref Info: `amsthm' support loaded on input line 3026.
)
==> First Aid for cleveref.sty applied!

(/nix/store/a2cksrf2p8fm17apx44ghvg6ar3a09ya-texlive-combined-2025-texmfdist/te
x/latex/booktabs/booktabs.sty
Package: booktabs 2020/01/12 v1.61803398 Publication quality tables
\heavyrulewidth=\dimen182
\lightrulewidth=\dimen183
\cmidrulewidth=\dimen184
\belowrulesep=\dimen185
\belowbottomsep=\dimen186
\aboverulesep=\dimen187
\abovetopsep=\dimen188
\cmidrulesep=\dimen189
\cmidrulekern=\dimen190
\defaultaddspace=\dimen191
\@cmidla=\count314
\@cmidlb=\count315
\@aboverulesep=\dimen192
\@belowrulesep=\dimen193
\@thisruleclass=\count316
\@lastruleclass=\count317
\@thisrulewidth=\dimen194
)
(/nix/store/a2cksrf2p8fm17apx44ghvg6ar3a09ya-texlive-combined-2025-texmfdist/te
x/latex/multirow/multirow.sty
Package: multirow 2024/11/12 v2.9 Span multiple rows of a table
\multirow@colwidth=\skip62
\multirow@cntb=\count318
\multirow@dima=\skip63
\bigstrutjot=\dimen195
)
(/nix/store/a2cksrf2p8fm17apx44ghvg6ar3a09ya-texlive-combined-2025-texmfdist/te
x/latex/enumitem/enumitem.sty
Package: enumitem 2025/02/06 v3.11 Customized lists
\labelindent=\skip64
\enit@outerparindent=\dimen196
\enit@toks=\toks30
\enit@inbox=\box56
\enit@count@id=\count319
\enitdp@description=\count320
)
(/nix/store/a2cksrf2p8fm17apx44ghvg6ar3a09ya-texlive-combined-2025-texmfdist/te
x/latex/natbib/natbib.sty
Package: natbib 2010/09/13 8.31b (PWD, AO)
\bibhang=\skip65
\bibsep=\skip66
LaTeX Info: Redefining \cite on input line 694.
\c@NAT@ctr=\count321
)
(/nix/store/a2cksrf2p8fm17apx44ghvg6ar3a09ya-texlive-combined-2025-texmfdist/te
x/latex/caption/caption.sty
Package: caption 2023/08/05 v3.6o Customizing captions (AR)

(/nix/store/a2cksrf2p8fm17apx44ghvg6ar3a09ya-texlive-combined-2025-texmfdist/te
x/latex/caption/caption3.sty
Package: caption3 2023/07/31 v2.4d caption3 kernel (AR)
\caption@tempdima=\dimen197
\captionmargin=\dimen198
\caption@leftmargin=\dimen199
\caption@rightmargin=\dimen256
\caption@width=\dimen257
\caption@indent=\dimen258
\caption@parindent=\dimen259
\caption@hangindent=\dimen260
Package caption Info: Standard document class detected.
)
\c@caption@flags=\count322
\c@continuedfloat=\count323
Package caption Info: hyperref package is loaded.
)
(/nix/store/a2cksrf2p8fm17apx44ghvg6ar3a09ya-texlive-combined-2025-texmfdist/te
x/latex/caption/subcaption.sty
Package: subcaption 2023/07/28 v1.6b Sub-captions (AR)
Package caption Info: New subtype `subfigure' on input line 238.
\c@subfigure=\count324
Package caption Info: New subtype `subtable' on input line 238.
\c@subtable=\count325
)
(/nix/store/a2cksrf2p8fm17apx44ghvg6ar3a09ya-texlive-combined-2025-texmfdist/te
x/latex/algorithms/algorithm.sty
Package: algorithm 2009/08/24 v0.1 Document Style `algorithm' - floating enviro
nment

(/nix/store/a2cksrf2p8fm17apx44ghvg6ar3a09ya-texlive-combined-2025-texmfdist/te
x/latex/float/float.sty
Package: float 2001/11/08 v1.3d Float enhancements (AL)
\c@float@type=\count326
\float@exts=\toks31
\float@box=\box57
\@float@everytoks=\toks32
\@floatcapt=\box58
)
(/nix/store/a2cksrf2p8fm17apx44ghvg6ar3a09ya-texlive-combined-2025-texmfdist/te
x/latex/base/ifthen.sty
Package: ifthen 2024/03/16 v1.1e Standard LaTeX ifthen package (DPC)
)
\@float@every@algorithm=\toks33
\c@algorithm=\count327
)
(/nix/store/a2cksrf2p8fm17apx44ghvg6ar3a09ya-texlive-combined-2025-texmfdist/te
x/latex/algorithmicx/algpseudocode.sty
Package: algpseudocode 

(/nix/store/a2cksrf2p8fm17apx44ghvg6ar3a09ya-texlive-combined-2025-texmfdist/te
x/latex/algorithmicx/algorithmicx.sty
Package: algorithmicx 2005/04/27 v1.2 Algorithmicx

Document Style algorithmicx 1.2 - a greatly improved `algorithmic' style
\c@ALG@line=\count328
\c@ALG@rem=\count329
\c@ALG@nested=\count330
\ALG@tlm=\skip67
\ALG@thistlm=\skip68
\c@ALG@Lnr=\count331
\c@ALG@blocknr=\count332
\c@ALG@storecount=\count333
\c@ALG@tmpcounter=\count334
\ALG@tmplength=\skip69
)
Document Style - pseudocode environments for use with the `algorithmicx' style
)
(/nix/store/a2cksrf2p8fm17apx44ghvg6ar3a09ya-texlive-combined-2025-texmfdist/te
x/latex/pgf/frontendlayer/tikz.sty
(/nix/store/a2cksrf2p8fm17apx44ghvg6ar3a09ya-texlive-combined-2025-texmfdist/te
x/latex/pgf/basiclayer/pgf.sty
(/nix/store/a2cksrf2p8fm17apx44ghvg6ar3a09ya-texlive-combined-2025-texmfdist/te
x/latex/pgf/utilities/pgfrcs.sty
(/nix/store/a2cksrf2p8fm17apx44ghvg6ar3a09ya-texlive-combined-2025-texmfdist/te
x/generic/pgf/utilities/pgfutil-common.tex
\pgfutil@everybye=\toks34
\pgfutil@tempdima=\dimen261
\pgfutil@tempdimb=\dimen262
)
(/nix/store/a2cksrf2p8fm17apx44ghvg6ar3a09ya-texlive-combined-2025-texmfdist/te
x/generic/pgf/utilities/pgfutil-latex.def
\pgfutil@abb=\box59
)
(/nix/store/a2cksrf2p8fm17apx44ghvg6ar3a09ya-texlive-combined-2025-texmfdist/te
x/generic/pgf/utilities/pgfrcs.code.tex
(/nix/store/a2cksrf2p8fm17apx44ghvg6ar3a09ya-texlive-combined-2025-texmfdist/te
x/generic/pgf/pgf.revision.tex)
Package: pgfrcs 2023-01-15 v3.1.10 (3.1.10)
))
Package: pgf 2023-01-15 v3.1.10 (3.1.10)

(/nix/store/a2cksrf2p8fm17apx44ghvg6ar3a09ya-texlive-combined-2025-texmfdist/te
x/latex/pgf/basiclayer/pgfcore.sty
(/nix/store/a2cksrf2p8fm17apx44ghvg6ar3a09ya-texlive-combined-2025-texmfdist/te
x/latex/pgf/systemlayer/pgfsys.sty
(/nix/store/a2cksrf2p8fm17apx44ghvg6ar3a09ya-texlive-combined-2025-texmfdist/te
x/generic/pgf/systemlayer/pgfsys.code.tex
Package: pgfsys 2023-01-15 v3.1.10 (3.1.10)

(/nix/store/a2cksrf2p8fm17apx44ghvg6ar3a09ya-texlive-combined-2025-texmfdist/te
x/generic/pgf/utilities/pgfkeys.code.tex
\pgfkeys@pathtoks=\toks35
\pgfkeys@temptoks=\toks36

(/nix/store/a2cksrf2p8fm17apx44ghvg6ar3a09ya-texlive-combined-2025-texmfdist/te
x/generic/pgf/utilities/pgfkeyslibraryfiltered.code.tex
\pgfkeys@tmptoks=\toks37
))
\pgf@x=\dimen263
\pgf@y=\dimen264
\pgf@xa=\dimen265
\pgf@ya=\dimen266
\pgf@xb=\dimen267
\pgf@yb=\dimen268
\pgf@xc=\dimen269
\pgf@yc=\dimen270
\pgf@xd=\dimen271
\pgf@yd=\dimen272
\w@pgf@writea=\write3
\r@pgf@reada=\read2
\c@pgf@counta=\count335
\c@pgf@countb=\count336
\c@pgf@countc=\count337
\c@pgf@countd=\count338
\t@pgf@toka=\toks38
\t@pgf@tokb=\toks39
\t@pgf@tokc=\toks40
\pgf@sys@id@count=\count339

(/nix/store/a2cksrf2p8fm17apx44ghvg6ar3a09ya-texlive-combined-2025-texmfdist/te
x/generic/pgf/systemlayer/pgf.cfg
File: pgf.cfg 2023-01-15 v3.1.10 (3.1.10)
)
Driver file for pgf: pgfsys-pdftex.def

(/nix/store/a2cksrf2p8fm17apx44ghvg6ar3a09ya-texlive-combined-2025-texmfdist/te
x/generic/pgf/systemlayer/pgfsys-pdftex.def
File: pgfsys-pdftex.def 2023-01-15 v3.1.10 (3.1.10)

(/nix/store/a2cksrf2p8fm17apx44ghvg6ar3a09ya-texlive-combined-2025-texmfdist/te
x/generic/pgf/systemlayer/pgfsys-common-pdf.def
File: pgfsys-common-pdf.def 2023-01-15 v3.1.10 (3.1.10)
)))
(/nix/store/a2cksrf2p8fm17apx44ghvg6ar3a09ya-texlive-combined-2025-texmfdist/te
x/generic/pgf/systemlayer/pgfsyssoftpath.code.tex
File: pgfsyssoftpath.code.tex 2023-01-15 v3.1.10 (3.1.10)
\pgfsyssoftpath@smallbuffer@items=\count340
\pgfsyssoftpath@bigbuffer@items=\count341
)
(/nix/store/a2cksrf2p8fm17apx44ghvg6ar3a09ya-texlive-combined-2025-texmfdist/te
x/generic/pgf/systemlayer/pgfsysprotocol.code.tex
File: pgfsysprotocol.code.tex 2023-01-15 v3.1.10 (3.1.10)
))
(/nix/store/a2cksrf2p8fm17apx44ghvg6ar3a09ya-texlive-combined-2025-texmfdist/te
x/generic/pgf/basiclayer/pgfcore.code.tex
Package: pgfcore 2023-01-15 v3.1.10 (3.1.10)

(/nix/store/a2cksrf2p8fm17apx44ghvg6ar3a09ya-texlive-combined-2025-texmfdist/te
x/generic/pgf/math/pgfmath.code.tex
(/nix/store/a2cksrf2p8fm17apx44ghvg6ar3a09ya-texlive-combined-2025-texmfdist/te
x/generic/pgf/math/pgfmathutil.code.tex)
(/nix/store/a2cksrf2p8fm17apx44ghvg6ar3a09ya-texlive-combined-2025-texmfdist/te
x/generic/pgf/math/pgfmathparser.code.tex
\pgfmath@dimen=\dimen273
\pgfmath@count=\count342
\pgfmath@box=\box60
\pgfmath@toks=\toks41
\pgfmath@stack@operand=\toks42
\pgfmath@stack@operation=\toks43
)
(/nix/store/a2cksrf2p8fm17apx44ghvg6ar3a09ya-texlive-combined-2025-texmfdist/te
x/generic/pgf/math/pgfmathfunctions.code.tex)
(/nix/store/a2cksrf2p8fm17apx44ghvg6ar3a09ya-texlive-combined-2025-texmfdist/te
x/generic/pgf/math/pgfmathfunctions.basic.code.tex)
(/nix/store/a2cksrf2p8fm17apx44ghvg6ar3a09ya-texlive-combined-2025-texmfdist/te
x/generic/pgf/math/pgfmathfunctions.trigonometric.code.tex)
(/nix/store/a2cksrf2p8fm17apx44ghvg6ar3a09ya-texlive-combined-2025-texmfdist/te
x/generic/pgf/math/pgfmathfunctions.random.code.tex)
(/nix/store/a2cksrf2p8fm17apx44ghvg6ar3a09ya-texlive-combined-2025-texmfdist/te
x/generic/pgf/math/pgfmathfunctions.comparison.code.tex)
(/nix/store/a2cksrf2p8fm17apx44ghvg6ar3a09ya-texlive-combined-2025-texmfdist/te
x/generic/pgf/math/pgfmathfunctions.base.code.tex)
(/nix/store/a2cksrf2p8fm17apx44ghvg6ar3a09ya-texlive-combined-2025-texmfdist/te
x/generic/pgf/math/pgfmathfunctions.round.code.tex)
(/nix/store/a2cksrf2p8fm17apx44ghvg6ar3a09ya-texlive-combined-2025-texmfdist/te
x/generic/pgf/math/pgfmathfunctions.misc.code.tex)
(/nix/store/a2cksrf2p8fm17apx44ghvg6ar3a09ya-texlive-combined-2025-texmfdist/te
x/generic/pgf/math/pgfmathfunctions.integerarithmetics.code.tex)
(/nix/store/a2cksrf2p8fm17apx44ghvg6ar3a09ya-texlive-combined-2025-texmfdist/te
x/generic/pgf/math/pgfmathcalc.code.tex)
(/nix/store/a2cksrf2p8fm17apx44ghvg6ar3a09ya-texlive-combined-2025-texmfdist/te
x/generic/pgf/math/pgfmathfloat.code.tex
\c@pgfmathroundto@lastzeros=\count343
))
(/nix/store/a2cksrf2p8fm17apx44ghvg6ar3a09ya-texlive-combined-2025-texmfdist/te
x/generic/pgf/math/pgfint.code.tex)
(/nix/store/a2cksrf2p8fm17apx44ghvg6ar3a09ya-texlive-combined-2025-texmfdist/te
x/generic/pgf/basiclayer/pgfcorepoints.code.tex
File: pgfcorepoints.code.tex 2023-01-15 v3.1.10 (3.1.10)
\pgf@picminx=\dimen274
\pgf@picmaxx=\dimen275
\pgf@picminy=\dimen276
\pgf@picmaxy=\dimen277
\pgf@pathminx=\dimen278
\pgf@pathmaxx=\dimen279
\pgf@pathminy=\dimen280
\pgf@pathmaxy=\dimen281
\pgf@xx=\dimen282
\pgf@xy=\dimen283
\pgf@yx=\dimen284
\pgf@yy=\dimen285
\pgf@zx=\dimen286
\pgf@zy=\dimen287
)
(/nix/store/a2cksrf2p8fm17apx44ghvg6ar3a09ya-texlive-combined-2025-texmfdist/te
x/generic/pgf/basiclayer/pgfcorepathconstruct.code.tex
File: pgfcorepathconstruct.code.tex 2023-01-15 v3.1.10 (3.1.10)
\pgf@path@lastx=\dimen288
\pgf@path@lasty=\dimen289
)
(/nix/store/a2cksrf2p8fm17apx44ghvg6ar3a09ya-texlive-combined-2025-texmfdist/te
x/generic/pgf/basiclayer/pgfcorepathusage.code.tex
File: pgfcorepathusage.code.tex 2023-01-15 v3.1.10 (3.1.10)
\pgf@shorten@end@additional=\dimen290
\pgf@shorten@start@additional=\dimen291
)
(/nix/store/a2cksrf2p8fm17apx44ghvg6ar3a09ya-texlive-combined-2025-texmfdist/te
x/generic/pgf/basiclayer/pgfcorescopes.code.tex
File: pgfcorescopes.code.tex 2023-01-15 v3.1.10 (3.1.10)
\pgfpic=\box61
\pgf@hbox=\box62
\pgf@layerbox@main=\box63
\pgf@picture@serial@count=\count344
)
(/nix/store/a2cksrf2p8fm17apx44ghvg6ar3a09ya-texlive-combined-2025-texmfdist/te
x/generic/pgf/basiclayer/pgfcoregraphicstate.code.tex
File: pgfcoregraphicstate.code.tex 2023-01-15 v3.1.10 (3.1.10)
\pgflinewidth=\dimen292
)
(/nix/store/a2cksrf2p8fm17apx44ghvg6ar3a09ya-texlive-combined-2025-texmfdist/te
x/generic/pgf/basiclayer/pgfcoretransformations.code.tex
File: pgfcoretransformations.code.tex 2023-01-15 v3.1.10 (3.1.10)
\pgf@pt@x=\dimen293
\pgf@pt@y=\dimen294
\pgf@pt@temp=\dimen295
)
(/nix/store/a2cksrf2p8fm17apx44ghvg6ar3a09ya-texlive-combined-2025-texmfdist/te
x/generic/pgf/basiclayer/pgfcorequick.code.tex
File: pgfcorequick.code.tex 2023-01-15 v3.1.10 (3.1.10)
)
(/nix/store/a2cksrf2p8fm17apx44ghvg6ar3a09ya-texlive-combined-2025-texmfdist/te
x/generic/pgf/basiclayer/pgfcoreobjects.code.tex
File: pgfcoreobjects.code.tex 2023-01-15 v3.1.10 (3.1.10)
)
(/nix/store/a2cksrf2p8fm17apx44ghvg6ar3a09ya-texlive-combined-2025-texmfdist/te
x/generic/pgf/basiclayer/pgfcorepathprocessing.code.tex
File: pgfcorepathprocessing.code.tex 2023-01-15 v3.1.10 (3.1.10)
)
(/nix/store/a2cksrf2p8fm17apx44ghvg6ar3a09ya-texlive-combined-2025-texmfdist/te
x/generic/pgf/basiclayer/pgfcorearrows.code.tex
File: pgfcorearrows.code.tex 2023-01-15 v3.1.10 (3.1.10)
\pgfarrowsep=\dimen296
)
(/nix/store/a2cksrf2p8fm17apx44ghvg6ar3a09ya-texlive-combined-2025-texmfdist/te
x/generic/pgf/basiclayer/pgfcoreshade.code.tex
File: pgfcoreshade.code.tex 2023-01-15 v3.1.10 (3.1.10)
\pgf@max=\dimen297
\pgf@sys@shading@range@num=\count345
\pgf@shadingcount=\count346
)
(/nix/store/a2cksrf2p8fm17apx44ghvg6ar3a09ya-texlive-combined-2025-texmfdist/te
x/generic/pgf/basiclayer/pgfcoreimage.code.tex
File: pgfcoreimage.code.tex 2023-01-15 v3.1.10 (3.1.10)
)
(/nix/store/a2cksrf2p8fm17apx44ghvg6ar3a09ya-texlive-combined-2025-texmfdist/te
x/generic/pgf/basiclayer/pgfcoreexternal.code.tex
File: pgfcoreexternal.code.tex 2023-01-15 v3.1.10 (3.1.10)
\pgfexternal@startupbox=\box64
)
(/nix/store/a2cksrf2p8fm17apx44ghvg6ar3a09ya-texlive-combined-2025-texmfdist/te
x/generic/pgf/basiclayer/pgfcorelayers.code.tex
File: pgfcorelayers.code.tex 2023-01-15 v3.1.10 (3.1.10)
)
(/nix/store/a2cksrf2p8fm17apx44ghvg6ar3a09ya-texlive-combined-2025-texmfdist/te
x/generic/pgf/basiclayer/pgfcoretransparency.code.tex
File: pgfcoretransparency.code.tex 2023-01-15 v3.1.10 (3.1.10)
)
(/nix/store/a2cksrf2p8fm17apx44ghvg6ar3a09ya-texlive-combined-2025-texmfdist/te
x/generic/pgf/basiclayer/pgfcorepatterns.code.tex
File: pgfcorepatterns.code.tex 2023-01-15 v3.1.10 (3.1.10)
)
(/nix/store/a2cksrf2p8fm17apx44ghvg6ar3a09ya-texlive-combined-2025-texmfdist/te
x/generic/pgf/basiclayer/pgfcorerdf.code.tex
File: pgfcorerdf.code.tex 2023-01-15 v3.1.10 (3.1.10)
)))
(/nix/store/a2cksrf2p8fm17apx44ghvg6ar3a09ya-texlive-combined-2025-texmfdist/te
x/generic/pgf/modules/pgfmoduleshapes.code.tex
File: pgfmoduleshapes.code.tex 2023-01-15 v3.1.10 (3.1.10)
\pgfnodeparttextbox=\box65
)
(/nix/store/a2cksrf2p8fm17apx44ghvg6ar3a09ya-texlive-combined-2025-texmfdist/te
x/generic/pgf/modules/pgfmoduleplot.code.tex
File: pgfmoduleplot.code.tex 2023-01-15 v3.1.10 (3.1.10)
)
(/nix/store/a2cksrf2p8fm17apx44ghvg6ar3a09ya-texlive-combined-2025-texmfdist/te
x/latex/pgf/compatibility/pgfcomp-version-0-65.sty
Package: pgfcomp-version-0-65 2023-01-15 v3.1.10 (3.1.10)
\pgf@nodesepstart=\dimen298
\pgf@nodesepend=\dimen299
)
(/nix/store/a2cksrf2p8fm17apx44ghvg6ar3a09ya-texlive-combined-2025-texmfdist/te
x/latex/pgf/compatibility/pgfcomp-version-1-18.sty
Package: pgfcomp-version-1-18 2023-01-15 v3.1.10 (3.1.10)
))
(/nix/store/a2cksrf2p8fm17apx44ghvg6ar3a09ya-texlive-combined-2025-texmfdist/te
x/latex/pgf/utilities/pgffor.sty
(/nix/store/a2cksrf2p8fm17apx44ghvg6ar3a09ya-texlive-combined-2025-texmfdist/te
x/latex/pgf/utilities/pgfkeys.sty
(/nix/store/a2cksrf2p8fm17apx44ghvg6ar3a09ya-texlive-combined-2025-texmfdist/te
x/generic/pgf/utilities/pgfkeys.code.tex))
(/nix/store/a2cksrf2p8fm17apx44ghvg6ar3a09ya-texlive-combined-2025-texmfdist/te
x/latex/pgf/math/pgfmath.sty
(/nix/store/a2cksrf2p8fm17apx44ghvg6ar3a09ya-texlive-combined-2025-texmfdist/te
x/generic/pgf/math/pgfmath.code.tex))
(/nix/store/a2cksrf2p8fm17apx44ghvg6ar3a09ya-texlive-combined-2025-texmfdist/te
x/generic/pgf/utilities/pgffor.code.tex
Package: pgffor 2023-01-15 v3.1.10 (3.1.10)
\pgffor@iter=\dimen300
\pgffor@skip=\dimen301
\pgffor@stack=\toks44
\pgffor@toks=\toks45
))
(/nix/store/a2cksrf2p8fm17apx44ghvg6ar3a09ya-texlive-combined-2025-texmfdist/te
x/generic/pgf/frontendlayer/tikz/tikz.code.tex
Package: tikz 2023-01-15 v3.1.10 (3.1.10)

(/nix/store/a2cksrf2p8fm17apx44ghvg6ar3a09ya-texlive-combined-2025-texmfdist/te
x/generic/pgf/libraries/pgflibraryplothandlers.code.tex
File: pgflibraryplothandlers.code.tex 2023-01-15 v3.1.10 (3.1.10)
\pgf@plot@mark@count=\count347
\pgfplotmarksize=\dimen302
)
\tikz@lastx=\dimen303
\tikz@lasty=\dimen304
\tikz@lastxsaved=\dimen305
\tikz@lastysaved=\dimen306
\tikz@lastmovetox=\dimen307
\tikz@lastmovetoy=\dimen308
\tikzleveldistance=\dimen309
\tikzsiblingdistance=\dimen310
\tikz@figbox=\box66
\tikz@figbox@bg=\box67
\tikz@tempbox=\box68
\tikz@tempbox@bg=\box69
\tikztreelevel=\count348
\tikznumberofchildren=\count349
\tikznumberofcurrentchild=\count350
\tikz@fig@count=\count351

(/nix/store/a2cksrf2p8fm17apx44ghvg6ar3a09ya-texlive-combined-2025-texmfdist/te
x/generic/pgf/modules/pgfmodulematrix.code.tex
File: pgfmodulematrix.code.tex 2023-01-15 v3.1.10 (3.1.10)
\pgfmatrixcurrentrow=\count352
\pgfmatrixcurrentcolumn=\count353
\pgf@matrix@numberofcolumns=\count354
)
\tikz@expandcount=\count355

(/nix/store/a2cksrf2p8fm17apx44ghvg6ar3a09ya-texlive-combined-2025-texmfdist/te
x/generic/pgf/frontendlayer/tikz/libraries/tikzlibrarytopaths.code.tex
File: tikzlibrarytopaths.code.tex 2023-01-15 v3.1.10 (3.1.10)
)))
(/nix/store/a2cksrf2p8fm17apx44ghvg6ar3a09ya-texlive-combined-2025-texmfdist/te
x/generic/pgf/libraries/pgflibraryarrows.meta.code.tex
File: pgflibraryarrows.meta.code.tex 2023-01-15 v3.1.10 (3.1.10)
\pgfarrowinset=\dimen311
\pgfarrowlength=\dimen312
\pgfarrowwidth=\dimen313
\pgfarrowlinewidth=\dimen314
)
(/nix/store/a2cksrf2p8fm17apx44ghvg6ar3a09ya-texlive-combined-2025-texmfdist/te
x/generic/pgf/frontendlayer/tikz/libraries/tikzlibrarypositioning.code.tex
File: tikzlibrarypositioning.code.tex 2023-01-15 v3.1.10 (3.1.10)
)
(/nix/store/a2cksrf2p8fm17apx44ghvg6ar3a09ya-texlive-combined-2025-texmfdist/te
x/generic/pgf/frontendlayer/tikz/libraries/tikzlibrarydecorations.markings.code
.tex
(/nix/store/a2cksrf2p8fm17apx44ghvg6ar3a09ya-texlive-combined-2025-texmfdist/te
x/generic/pgf/frontendlayer/tikz/libraries/tikzlibrarydecorations.code.tex
(/nix/store/a2cksrf2p8fm17apx44ghvg6ar3a09ya-texlive-combined-2025-texmfdist/te
x/generic/pgf/modules/pgfmoduledecorations.code.tex
\pgfdecoratedcompleteddistance=\dimen315
\pgfdecoratedremainingdistance=\dimen316
\pgfdecoratedinputsegmentcompleteddistance=\dimen317
\pgfdecoratedinputsegmentremainingdistance=\dimen318
\pgf@decorate@distancetomove=\dimen319
\pgf@decorate@repeatstate=\count356
\pgfdecorationsegmentamplitude=\dimen320
\pgfdecorationsegmentlength=\dimen321
)
\tikz@lib@dec@box=\box70
)
(/nix/store/a2cksrf2p8fm17apx44ghvg6ar3a09ya-texlive-combined-2025-texmfdist/te
x/generic/pgf/libraries/decorations/pgflibrarydecorations.markings.code.tex))
(/nix/store/a2cksrf2p8fm17apx44ghvg6ar3a09ya-texlive-combined-2025-texmfdist/te
x/latex/l3backend/l3backend-pdftex.def
File: l3backend-pdftex.def 2025-06-09 L3 backend support: PDF output (pdfTeX)
\l__color_backend_stack_int=\count357
) (./perspective_limit_cycles.aux)
\openout1 = `perspective_limit_cycles.aux'.

LaTeX Font Info:    Checking defaults for OML/cmm/m/it on input line 52.
LaTeX Font Info:    ... okay on input line 52.
LaTeX Font Info:    Checking defaults for OMS/cmsy/m/n on input line 52.
LaTeX Font Info:    ... okay on input line 52.
LaTeX Font Info:    Checking defaults for OT1/cmr/m/n on input line 52.
LaTeX Font Info:    ... okay on input line 52.
LaTeX Font Info:    Checking defaults for T1/cmr/m/n on input line 52.
LaTeX Font Info:    ... okay on input line 52.
LaTeX Font Info:    Checking defaults for TS1/cmr/m/n on input line 52.
LaTeX Font Info:    ... okay on input line 52.
LaTeX Font Info:    Checking defaults for OMX/cmex/m/n on input line 52.
LaTeX Font Info:    ... okay on input line 52.
LaTeX Font Info:    Checking defaults for U/cmr/m/n on input line 52.
LaTeX Font Info:    ... okay on input line 52.
LaTeX Font Info:    Checking defaults for PD1/pdf/m/n on input line 52.
LaTeX Font Info:    ... okay on input line 52.
LaTeX Font Info:    Checking defaults for PU/pdf/m/n on input line 52.
LaTeX Font Info:    ... okay on input line 52.

*geometry* driver: auto-detecting
*geometry* detected driver: pdftex
*geometry* verbose mode - [ preamble ] result:
* driver: pdftex
* paper: <default>
* layout: <same size as paper>
* layoutoffset:(h,v)=(0.0pt,0.0pt)
* modes: 
* h-part:(L,W,R)=(72.26999pt, 469.75502pt, 72.26999pt)
* v-part:(T,H,B)=(72.26999pt, 650.43001pt, 72.26999pt)
* \paperwidth=614.295pt
* \paperheight=794.96999pt
* \textwidth=469.75502pt
* \textheight=650.43001pt
* \oddsidemargin=0.0pt
* \evensidemargin=0.0pt
* \topmargin=-37.0pt
* \headheight=12.0pt
* \headsep=25.0pt
* \topskip=12.0pt
* \footskip=30.0pt
* \marginparwidth=44.0pt
* \marginparsep=10.0pt
* \columnsep=10.0pt
* \skip\footins=10.8pt plus 4.0pt minus 2.0pt
* \hoffset=0.0pt
* \voffset=0.0pt
* \mag=1000
* \@twocolumnfalse
* \@twosidefalse
* \@mparswitchfalse
* \@reversemarginfalse
* (1in=72.27pt=25.4mm, 1cm=28.453pt)


(/nix/store/a2cksrf2p8fm17apx44ghvg6ar3a09ya-texlive-combined-2025-texmfdist/te
x/context/base/mkii/supp-pdf.mkii
[Loading MPS to PDF converter (version 2006.09.02).]
\scratchcounter=\count358
\scratchdimen=\dimen322
\scratchbox=\box71
\nofMPsegments=\count359
\nofMParguments=\count360
\everyMPshowfont=\toks46
\MPscratchCnt=\count361
\MPscratchDim=\dimen323
\MPnumerator=\count362
\makeMPintoPDFobject=\count363
\everyMPtoPDFconversion=\toks47
)
(/nix/store/a2cksrf2p8fm17apx44ghvg6ar3a09ya-texlive-combined-2025-texmfdist/te
x/latex/epstopdf-pkg/epstopdf-base.sty
Package: epstopdf-base 2020-01-24 v2.11 Base part for package epstopdf
Package epstopdf-base Info: Redefining graphics rule for `.eps' on input line 4
85.

(/nix/store/a2cksrf2p8fm17apx44ghvg6ar3a09ya-texlive-combined-2025-texmfdist/te
x/latex/latexconfig/epstopdf-sys.cfg
File: epstopdf-sys.cfg 2010/07/13 v1.3 Configuration of (r)epstopdf for TeX Liv
e
))
Package hyperref Info: Link coloring OFF on input line 52.
 (./perspective_limit_cycles.out)
(./perspective_limit_cycles.out)
\@outlinefile=\write4
\openout4 = `perspective_limit_cycles.out'.

Package caption Info: Begin \AtBeginDocument code.
Package caption Info: float package is loaded.
Package caption Info: End \AtBeginDocument code.
LaTeX Font Info:    Trying to load font information for U+msa on input line 73.


(/nix/store/a2cksrf2p8fm17apx44ghvg6ar3a09ya-texlive-combined-2025-texmfdist/te
x/latex/amsfonts/umsa.fd
File: umsa.fd 2013/01/14 v3.01 AMS symbols A
)
LaTeX Font Info:    Trying to load font information for U+msb on input line 73.


(/nix/store/a2cksrf2p8fm17apx44ghvg6ar3a09ya-texlive-combined-2025-texmfdist/te
x/latex/amsfonts/umsb.fd
File: umsb.fd 2013/01/14 v3.01 AMS symbols B
)

[1

{/nix/store/xd0c4pgiavjfb4si9yv21f70pn3kc039-texlive-combined-2025/share/texmf-
var/fonts/map/pdftex/updmap/pdftex.map}]

[2]

[3]

[4]
Overfull \hbox (2.56268pt too wide) in paragraph at lines 372--374
[]\OT1/cmr/m/n/12 The \OT1/cmr/bx/n/12 eigen-vec-tor con-di-tion num-ber $\OML/
cmm/m/it/12 ^^T\OT1/cmr/m/n/12 (\OML/cmm/m/it/12 V\OT1/cmr/m/n/12 )$, where $\O
ML/cmm/m/it/12 V$ \OT1/cmr/m/n/12 is the eigen-vec-tor ma-trix: $\OML/cmm/m/it/
12 ^^T\OT1/cmr/m/n/12 (\OML/cmm/m/it/12 V\OT1/cmr/m/n/12 ) =
 []



[5{/nix/store/a2cksrf2p8fm17apx44ghvg6ar3a09ya-texlive-combined-2025-texmfdist/
fonts/enc/dvips/cm-super/cm-super-ts1.enc}]

[6]

[7]

[8]

[9]

[10]

[11]

[12]

[13]

[14]

[15]

[16] (./perspective_limit_cycles.aux)
 ***********
LaTeX2e <2025-06-01> patch level 1
L3 programming layer <2025-06-09>
 ***********
Package rerunfilecheck Info: File `perspective_limit_cycles.out' has not change
d.
(rerunfilecheck)             Checksum: FA37CC01A651CBBA71EC28E934B5AEAF;6787.
 ) 
Here is how much of TeX's memory you used:
 27063 strings out of 469360
 525514 string characters out of 5461807
 892099 words of memory out of 5000000
 54858 multiletter control sequences out of 15000+600000
 644172 words of font info for 103 fonts, out of 8000000 for 9000
 319 hyphenation exceptions out of 8191
 84i,11n,87p,487b,607s stack positions out of 10000i,1000n,20000p,200000b,200000s
</nix/store/a2cksrf2p8fm17apx44ghvg6ar3a09ya-texlive-combined-2025-texmfdist/
fonts/type1/public/amsfonts/cm/cmbx10.pfb></nix/store/a2cksrf2p8fm17apx44ghvg6a
r3a09ya-texlive-combined-2025-texmfdist/fonts/type1/public/amsfonts/cm/cmbx12.p
fb></nix/store/a2cksrf2p8fm17apx44ghvg6ar3a09ya-texlive-combined-2025-texmfdist
/fonts/type1/public/amsfonts/cm/cmex10.pfb></nix/store/a2cksrf2p8fm17apx44ghvg6
ar3a09ya-texlive-combined-2025-texmfdist/fonts/type1/public/amsfonts/cm/cmmi10.
pfb></nix/store/a2cksrf2p8fm17apx44ghvg6ar3a09ya-texlive-combined-2025-texmfdis
t/fonts/type1/public/amsfonts/cm/cmmi12.pfb></nix/store/a2cksrf2p8fm17apx44ghvg
6ar3a09ya-texlive-combined-2025-texmfdist/fonts/type1/public/amsfonts/cm/cmmi8.
pfb></nix/store/a2cksrf2p8fm17apx44ghvg6ar3a09ya-texlive-combined-2025-texmfdis
t/fonts/type1/public/amsfonts/cm/cmmib10.pfb></nix/store/a2cksrf2p8fm17apx44ghv
g6ar3a09ya-texlive-combined-2025-texmfdist/fonts/type1/public/amsfonts/cmextra/
cmmib8.pfb></nix/store/a2cksrf2p8fm17apx44ghvg6ar3a09ya-texlive-combined-2025-t
exmfdist/fonts/type1/public/amsfonts/cm/cmr10.pfb></nix/store/a2cksrf2p8fm17apx
44ghvg6ar3a09ya-texlive-combined-2025-texmfdist/fonts/type1/public/amsfonts/cm/
cmr12.pfb></nix/store/a2cksrf2p8fm17apx44ghvg6ar3a09ya-texlive-combined-2025-te
xmfdist/fonts/type1/public/amsfonts/cm/cmr17.pfb></nix/store/a2cksrf2p8fm17apx4
4ghvg6ar3a09ya-texlive-combined-2025-texmfdist/fonts/type1/public/amsfonts/cm/c
mr6.pfb></nix/store/a2cksrf2p8fm17apx44ghvg6ar3a09ya-texlive-combined-2025-texm
fdist/fonts/type1/public/amsfonts/cm/cmr8.pfb></nix/store/a2cksrf2p8fm17apx44gh
vg6ar3a09ya-texlive-combined-2025-texmfdist/fonts/type1/public/amsfonts/cm/cmsy
10.pfb></nix/store/a2cksrf2p8fm17apx44ghvg6ar3a09ya-texlive-combined-2025-texmf
dist/fonts/type1/public/amsfonts/cm/cmsy8.pfb></nix/store/a2cksrf2p8fm17apx44gh
vg6ar3a09ya-texlive-combined-2025-texmfdist/fonts/type1/public/amsfonts/cm/cmti
10.pfb></nix/store/a2cksrf2p8fm17apx44ghvg6ar3a09ya-texlive-combined-2025-texmf
dist/fonts/type1/public/amsfonts/cm/cmti12.pfb></nix/store/a2cksrf2p8fm17apx44g
hvg6ar3a09ya-texlive-combined-2025-texmfdist/fonts/type1/public/amsfonts/cm/cmt
t12.pfb></nix/store/a2cksrf2p8fm17apx44ghvg6ar3a09ya-texlive-combined-2025-texm
fdist/fonts/type1/public/amsfonts/symbols/msbm10.pfb></nix/store/a2cksrf2p8fm17
apx44ghvg6ar3a09ya-texlive-combined-2025-texmfdist/fonts/type1/public/cm-super/
sfrm1200.pfb>
Output written on perspective_limit_cycles.pdf (16 pages, 294194 bytes).
PDF statistics:
 491 PDF objects out of 1000 (max. 8388607)
 428 compressed objects within 5 object streams
 126 named destinations out of 1000 (max. 500000)
 261 words of extra memory for PDF output out of 10000 (max. 10000000)

